
*** Running vivado
    with args -log system_LateralControl_0_0.vds -m64 -product Vivado -mode batch -messageDb vivado.pb -notrace -source system_LateralControl_0_0.tcl



****** Vivado v2024.1 (64-bit)
  **** SW Build 5076996 on Wed May 22 18:37:14 MDT 2024
  **** IP Build 5075265 on Wed May 22 21:45:21 MDT 2024
  **** SharedData Build 5076995 on Wed May 22 18:29:18 MDT 2024
  **** Start of session at: Tue Jul  1 10:36:53 2025
    ** Copyright 1986-2022 Xilinx, Inc. All Rights Reserved.
    ** Copyright 2022-2024 Advanced Micro Devices, Inc. All Rights Reserved.

source system_LateralControl_0_0.tcl -notrace
create_project: Time (s): cpu = 00:00:06 ; elapsed = 00:00:06 . Memory (MB): peak = 533.078 ; gain = 201.652
INFO: [IP_Flow 19-234] Refreshing IP repositories
INFO: [IP_Flow 19-1704] No user IP repositories specified
INFO: [IP_Flow 19-2313] Loaded Vivado IP repository 'C:/Xilinx/Vivado/2024.1/data/ip'.
Command: synth_design -top system_LateralControl_0_0 -part xc7z010clg400-1 -incremental_mode off -mode out_of_context
Starting synth_design
Attempting to get a license for feature 'Synthesis' and/or device 'xc7z010'
INFO: [Common 17-349] Got license for feature 'Synthesis' and/or device 'xc7z010'
INFO: [Device 21-403] Loading part xc7z010clg400-1
INFO: [Device 21-9227] Part: xc7z010clg400-1 does not have CEAM library.
INFO: [Synth 8-7079] Multithreading enabled for synth_design using a maximum of 2 processes.
INFO: [Synth 8-7078] Launching helper process for spawning children vivado processes
WARNING: [Common 17-1361] You have specified a new message control rule that is equivalent to an existing rule with attributes ' -id {17-179}  -suppress '. The existing rule will be replaced.
INFO: [Synth 8-7075] Helper process launched with PID 55872
---------------------------------------------------------------------------------
Starting RTL Elaboration : Time (s): cpu = 00:00:05 ; elapsed = 00:00:06 . Memory (MB): peak = 1395.188 ; gain = 447.328
---------------------------------------------------------------------------------
INFO: [Synth 8-6157] synthesizing module 'system_LateralControl_0_0' [c:/FPGA/FromScratch/FromScratch.gen/sources_1/bd/system/ip/system_LateralControl_0_0/synth/system_LateralControl_0_0.v:53]
INFO: [Synth 8-6157] synthesizing module 'LateralControl' [C:/Users/KevinV/Documents/GitHub/PositronEmissionTomography/Vivado Files/pet_scan/pet_controller/pet_controller.srcs/sources_1/new/LateralControl.v:23]
	Parameter pulse_on bound to: 16'b0001001110001000 
	Parameter pulse_off bound to: 16'b1010111111001000 
	Parameter pulse_invert bound to: 0 - type: integer 
	Parameter reset_timeout bound to: 32'b00000000000000001110101001100000 
	Parameter reset_position bound to: 32'b00000000000000000000000110010000 
WARNING: [Synth 8-6090] variable 'error_state' is written by both blocking and non-blocking assignments, entire logic could be removed [C:/Users/KevinV/Documents/GitHub/PositronEmissionTomography/Vivado Files/pet_scan/pet_controller/pet_controller.srcs/sources_1/new/LateralControl.v:142]
WARNING: [Synth 8-6090] variable 'error_state' is written by both blocking and non-blocking assignments, entire logic could be removed [C:/Users/KevinV/Documents/GitHub/PositronEmissionTomography/Vivado Files/pet_scan/pet_controller/pet_controller.srcs/sources_1/new/LateralControl.v:147]
INFO: [Synth 8-6155] done synthesizing module 'LateralControl' (0#1) [C:/Users/KevinV/Documents/GitHub/PositronEmissionTomography/Vivado Files/pet_scan/pet_controller/pet_controller.srcs/sources_1/new/LateralControl.v:23]
INFO: [Synth 8-6155] done synthesizing module 'system_LateralControl_0_0' (0#1) [c:/FPGA/FromScratch/FromScratch.gen/sources_1/bd/system/ip/system_LateralControl_0_0/synth/system_LateralControl_0_0.v:53]
WARNING: [Synth 8-6014] Unused sequential element error_state_reg was removed.  [C:/Users/KevinV/Documents/GitHub/PositronEmissionTomography/Vivado Files/pet_scan/pet_controller/pet_controller.srcs/sources_1/new/LateralControl.v:112]
WARNING: [Synth 8-7129] Port control_signal_in[31] in module LateralControl is either unconnected or has no load
WARNING: [Synth 8-7129] Port control_signal_in[30] in module LateralControl is either unconnected or has no load
WARNING: [Synth 8-7129] Port control_signal_in[29] in module LateralControl is either unconnected or has no load
WARNING: [Synth 8-7129] Port control_signal_in[28] in module LateralControl is either unconnected or has no load
WARNING: [Synth 8-7129] Port control_signal_in[27] in module LateralControl is either unconnected or has no load
WARNING: [Synth 8-7129] Port control_signal_in[26] in module LateralControl is either unconnected or has no load
WARNING: [Synth 8-7129] Port control_signal_in[25] in module LateralControl is either unconnected or has no load
WARNING: [Synth 8-7129] Port control_signal_in[24] in module LateralControl is either unconnected or has no load
WARNING: [Synth 8-7129] Port control_signal_in[23] in module LateralControl is either unconnected or has no load
WARNING: [Synth 8-7129] Port control_signal_in[22] in module LateralControl is either unconnected or has no load
WARNING: [Synth 8-7129] Port control_signal_in[21] in module LateralControl is either unconnected or has no load
WARNING: [Synth 8-7129] Port control_signal_in[20] in module LateralControl is either unconnected or has no load
WARNING: [Synth 8-7129] Port control_signal_in[19] in module LateralControl is either unconnected or has no load
WARNING: [Synth 8-7129] Port control_signal_in[18] in module LateralControl is either unconnected or has no load
WARNING: [Synth 8-7129] Port control_signal_in[17] in module LateralControl is either unconnected or has no load
WARNING: [Synth 8-7129] Port control_signal_in[16] in module LateralControl is either unconnected or has no load
WARNING: [Synth 8-7129] Port control_signal_in[15] in module LateralControl is either unconnected or has no load
WARNING: [Synth 8-7129] Port control_signal_in[14] in module LateralControl is either unconnected or has no load
WARNING: [Synth 8-7129] Port control_signal_in[13] in module LateralControl is either unconnected or has no load
WARNING: [Synth 8-7129] Port control_signal_in[12] in module LateralControl is either unconnected or has no load
WARNING: [Synth 8-7129] Port control_signal_in[11] in module LateralControl is either unconnected or has no load
WARNING: [Synth 8-7129] Port control_signal_in[10] in module LateralControl is either unconnected or has no load
WARNING: [Synth 8-7129] Port control_signal_in[9] in module LateralControl is either unconnected or has no load
WARNING: [Synth 8-7129] Port control_signal_in[8] in module LateralControl is either unconnected or has no load
WARNING: [Synth 8-7129] Port control_signal_in[7] in module LateralControl is either unconnected or has no load
WARNING: [Synth 8-7129] Port control_signal_in[6] in module LateralControl is either unconnected or has no load
---------------------------------------------------------------------------------
Finished RTL Elaboration : Time (s): cpu = 00:00:06 ; elapsed = 00:00:07 . Memory (MB): peak = 1510.488 ; gain = 562.629
---------------------------------------------------------------------------------
---------------------------------------------------------------------------------
Start Handling Custom Attributes
---------------------------------------------------------------------------------
---------------------------------------------------------------------------------
Finished Handling Custom Attributes : Time (s): cpu = 00:00:06 ; elapsed = 00:00:07 . Memory (MB): peak = 1510.488 ; gain = 562.629
---------------------------------------------------------------------------------
---------------------------------------------------------------------------------
Finished RTL Optimization Phase 1 : Time (s): cpu = 00:00:06 ; elapsed = 00:00:07 . Memory (MB): peak = 1510.488 ; gain = 562.629
---------------------------------------------------------------------------------
Netlist sorting complete. Time (s): cpu = 00:00:00 ; elapsed = 00:00:00.004 . Memory (MB): peak = 1510.488 ; gain = 0.000
INFO: [Project 1-570] Preparing netlist for logic optimization

Processing XDC Constraints
Initializing timing engine
Completed Processing XDC Constraints

Netlist sorting complete. Time (s): cpu = 00:00:00 ; elapsed = 00:00:00 . Memory (MB): peak = 1603.074 ; gain = 0.000
INFO: [Project 1-111] Unisim Transformation Summary:
No Unisim elements were transformed.

Constraint Validation Runtime : Time (s): cpu = 00:00:00 ; elapsed = 00:00:00.033 . Memory (MB): peak = 1603.324 ; gain = 0.250
INFO: [Designutils 20-5008] Incremental synthesis strategy off
---------------------------------------------------------------------------------
Finished Constraint Validation : Time (s): cpu = 00:00:13 ; elapsed = 00:00:15 . Memory (MB): peak = 1603.324 ; gain = 655.465
---------------------------------------------------------------------------------
---------------------------------------------------------------------------------
Start Loading Part and Timing Information
---------------------------------------------------------------------------------
Loading part: xc7z010clg400-1
---------------------------------------------------------------------------------
Finished Loading Part and Timing Information : Time (s): cpu = 00:00:13 ; elapsed = 00:00:15 . Memory (MB): peak = 1603.324 ; gain = 655.465
---------------------------------------------------------------------------------
---------------------------------------------------------------------------------
Start Applying 'set_property' XDC Constraints
---------------------------------------------------------------------------------
---------------------------------------------------------------------------------
Finished applying 'set_property' XDC Constraints : Time (s): cpu = 00:00:13 ; elapsed = 00:00:15 . Memory (MB): peak = 1603.324 ; gain = 655.465
---------------------------------------------------------------------------------
---------------------------------------------------------------------------------
Finished RTL Optimization Phase 2 : Time (s): cpu = 00:00:13 ; elapsed = 00:00:15 . Memory (MB): peak = 1603.324 ; gain = 655.465
---------------------------------------------------------------------------------
---------------------------------------------------------------------------------
Start RTL Component Statistics 
---------------------------------------------------------------------------------
Detailed RTL Component Info : 
+---Adders : 
	   2 Input   32 Bit       Adders := 2     
	   2 Input   16 Bit       Adders := 1     
+---XORs : 
	   2 Input      1 Bit         XORs := 2     
+---Registers : 
	               32 Bit    Registers := 3     
	               16 Bit    Registers := 1     
	                4 Bit    Registers := 1     
	                3 Bit    Registers := 1     
	                1 Bit    Registers := 2     
+---Muxes : 
	   2 Input   32 Bit        Muxes := 10    
	   2 Input   16 Bit        Muxes := 4     
	   2 Input    4 Bit        Muxes := 6     
	   2 Input    3 Bit        Muxes := 3     
	   3 Input    3 Bit        Muxes := 3     
	   2 Input    2 Bit        Muxes := 1     
	   2 Input    1 Bit        Muxes := 46    
	   3 Input    1 Bit        Muxes := 4     
---------------------------------------------------------------------------------
Finished RTL Component Statistics 
---------------------------------------------------------------------------------
---------------------------------------------------------------------------------
Start Part Resource Summary
---------------------------------------------------------------------------------
Part Resources:
DSPs: 80 (col length:40)
BRAMs: 120 (col length: RAMB18 40 RAMB36 20)
---------------------------------------------------------------------------------
Finished Part Resource Summary
---------------------------------------------------------------------------------
---------------------------------------------------------------------------------
Start Cross Boundary and Area Optimization
---------------------------------------------------------------------------------
WARNING: [Synth 8-7080] Parallel synthesis criteria is not met
INFO: [Synth 8-3917] design system_LateralControl_0_0 has port error_code[7] driven by constant 0
INFO: [Synth 8-3917] design system_LateralControl_0_0 has port error_code[3] driven by constant 0
WARNING: [Synth 8-7129] Port control_signal_in[31] in module system_LateralControl_0_0 is either unconnected or has no load
WARNING: [Synth 8-7129] Port control_signal_in[30] in module system_LateralControl_0_0 is either unconnected or has no load
WARNING: [Synth 8-7129] Port control_signal_in[29] in module system_LateralControl_0_0 is either unconnected or has no load
WARNING: [Synth 8-7129] Port control_signal_in[28] in module system_LateralControl_0_0 is either unconnected or has no load
WARNING: [Synth 8-7129] Port control_signal_in[27] in module system_LateralControl_0_0 is either unconnected or has no load
WARNING: [Synth 8-7129] Port control_signal_in[26] in module system_LateralControl_0_0 is either unconnected or has no load
WARNING: [Synth 8-7129] Port control_signal_in[25] in module system_LateralControl_0_0 is either unconnected or has no load
WARNING: [Synth 8-7129] Port control_signal_in[24] in module system_LateralControl_0_0 is either unconnected or has no load
WARNING: [Synth 8-7129] Port control_signal_in[23] in module system_LateralControl_0_0 is either unconnected or has no load
WARNING: [Synth 8-7129] Port control_signal_in[22] in module system_LateralControl_0_0 is either unconnected or has no load
WARNING: [Synth 8-7129] Port control_signal_in[21] in module system_LateralControl_0_0 is either unconnected or has no load
WARNING: [Synth 8-7129] Port control_signal_in[20] in module system_LateralControl_0_0 is either unconnected or has no load
WARNING: [Synth 8-7129] Port control_signal_in[19] in module system_LateralControl_0_0 is either unconnected or has no load
WARNING: [Synth 8-7129] Port control_signal_in[18] in module system_LateralControl_0_0 is either unconnected or has no load
WARNING: [Synth 8-7129] Port control_signal_in[17] in module system_LateralControl_0_0 is either unconnected or has no load
WARNING: [Synth 8-7129] Port control_signal_in[16] in module system_LateralControl_0_0 is either unconnected or has no load
WARNING: [Synth 8-7129] Port control_signal_in[15] in module system_LateralControl_0_0 is either unconnected or has no load
WARNING: [Synth 8-7129] Port control_signal_in[14] in module system_LateralControl_0_0 is either unconnected or has no load
WARNING: [Synth 8-7129] Port control_signal_in[13] in module system_LateralControl_0_0 is either unconnected or has no load
WARNING: [Synth 8-7129] Port control_signal_in[12] in module system_LateralControl_0_0 is either unconnected or has no load
WARNING: [Synth 8-7129] Port control_signal_in[11] in module system_LateralControl_0_0 is either unconnected or has no load
WARNING: [Synth 8-7129] Port control_signal_in[10] in module system_LateralControl_0_0 is either unconnected or has no load
WARNING: [Synth 8-7129] Port control_signal_in[9] in module system_LateralControl_0_0 is either unconnected or has no load
WARNING: [Synth 8-7129] Port control_signal_in[8] in module system_LateralControl_0_0 is either unconnected or has no load
WARNING: [Synth 8-7129] Port control_signal_in[7] in module system_LateralControl_0_0 is either unconnected or has no load
WARNING: [Synth 8-7129] Port control_signal_in[6] in module system_LateralControl_0_0 is either unconnected or has no load
---------------------------------------------------------------------------------
Finished Cross Boundary and Area Optimization : Time (s): cpu = 00:00:16 ; elapsed = 00:00:17 . Memory (MB): peak = 1603.324 ; gain = 655.465
---------------------------------------------------------------------------------
---------------------------------------------------------------------------------
Start Applying XDC Timing Constraints
---------------------------------------------------------------------------------
---------------------------------------------------------------------------------
Finished Applying XDC Timing Constraints : Time (s): cpu = 00:00:20 ; elapsed = 00:00:22 . Memory (MB): peak = 1603.324 ; gain = 655.465
---------------------------------------------------------------------------------
---------------------------------------------------------------------------------
Start Timing Optimization
---------------------------------------------------------------------------------
---------------------------------------------------------------------------------
Finished Timing Optimization : Time (s): cpu = 00:00:20 ; elapsed = 00:00:22 . Memory (MB): peak = 1603.324 ; gain = 655.465
---------------------------------------------------------------------------------
---------------------------------------------------------------------------------
Start Technology Mapping
---------------------------------------------------------------------------------
---------------------------------------------------------------------------------
Finished Technology Mapping : Time (s): cpu = 00:00:20 ; elapsed = 00:00:22 . Memory (MB): peak = 1603.324 ; gain = 655.465
---------------------------------------------------------------------------------
---------------------------------------------------------------------------------
Start IO Insertion
---------------------------------------------------------------------------------
---------------------------------------------------------------------------------
Start Flattening Before IO Insertion
---------------------------------------------------------------------------------
---------------------------------------------------------------------------------
Finished Flattening Before IO Insertion
---------------------------------------------------------------------------------
---------------------------------------------------------------------------------
Start Final Netlist Cleanup
---------------------------------------------------------------------------------
---------------------------------------------------------------------------------
Finished Final Netlist Cleanup
---------------------------------------------------------------------------------
---------------------------------------------------------------------------------
Finished IO Insertion : Time (s): cpu = 00:00:24 ; elapsed = 00:00:26 . Memory (MB): peak = 1603.324 ; gain = 655.465
---------------------------------------------------------------------------------
---------------------------------------------------------------------------------
Start Renaming Generated Instances
---------------------------------------------------------------------------------
---------------------------------------------------------------------------------
Finished Renaming Generated Instances : Time (s): cpu = 00:00:24 ; elapsed = 00:00:26 . Memory (MB): peak = 1603.324 ; gain = 655.465
---------------------------------------------------------------------------------
---------------------------------------------------------------------------------
Start Rebuilding User Hierarchy
---------------------------------------------------------------------------------
---------------------------------------------------------------------------------
Finished Rebuilding User Hierarchy : Time (s): cpu = 00:00:24 ; elapsed = 00:00:26 . Memory (MB): peak = 1603.324 ; gain = 655.465
---------------------------------------------------------------------------------
---------------------------------------------------------------------------------
Start Renaming Generated Ports
---------------------------------------------------------------------------------
---------------------------------------------------------------------------------
Finished Renaming Generated Ports : Time (s): cpu = 00:00:24 ; elapsed = 00:00:26 . Memory (MB): peak = 1603.324 ; gain = 655.465
---------------------------------------------------------------------------------
---------------------------------------------------------------------------------
Start Handling Custom Attributes
---------------------------------------------------------------------------------
---------------------------------------------------------------------------------
Finished Handling Custom Attributes : Time (s): cpu = 00:00:24 ; elapsed = 00:00:26 . Memory (MB): peak = 1603.324 ; gain = 655.465
---------------------------------------------------------------------------------
---------------------------------------------------------------------------------
Start Renaming Generated Nets
---------------------------------------------------------------------------------
---------------------------------------------------------------------------------
Finished Renaming Generated Nets : Time (s): cpu = 00:00:24 ; elapsed = 00:00:26 . Memory (MB): peak = 1603.324 ; gain = 655.465
---------------------------------------------------------------------------------
---------------------------------------------------------------------------------
Start Writing Synthesis Report
---------------------------------------------------------------------------------

Report BlackBoxes: 
+-+--------------+----------+
| |BlackBox name |Instances |
+-+--------------+----------+
+-+--------------+----------+

Report Cell Usage: 
+------+-------+------+
|      |Cell   |Count |
+------+-------+------+
|1     |CARRY4 |    24|
|2     |LUT1   |     1|
|3     |LUT2   |    70|
|4     |LUT3   |     8|
|5     |LUT4   |    45|
|6     |LUT5   |    10|
|7     |LUT6   |    55|
|8     |FDRE   |   118|
+------+-------+------+
---------------------------------------------------------------------------------
Finished Writing Synthesis Report : Time (s): cpu = 00:00:24 ; elapsed = 00:00:26 . Memory (MB): peak = 1603.324 ; gain = 655.465
---------------------------------------------------------------------------------
Synthesis finished with 0 errors, 0 critical warnings and 27 warnings.
Synthesis Optimization Runtime : Time (s): cpu = 00:00:17 ; elapsed = 00:00:25 . Memory (MB): peak = 1603.324 ; gain = 562.629
Synthesis Optimization Complete : Time (s): cpu = 00:00:25 ; elapsed = 00:00:27 . Memory (MB): peak = 1603.324 ; gain = 655.465
INFO: [Project 1-571] Translating synthesized netlist
Netlist sorting complete. Time (s): cpu = 00:00:00 ; elapsed = 00:00:00.002 . Memory (MB): peak = 1603.324 ; gain = 0.000
INFO: [Netlist 29-17] Analyzing 24 Unisim elements for replacement
INFO: [Netlist 29-28] Unisim Transformation completed in 0 CPU seconds
INFO: [Project 1-570] Preparing netlist for logic optimization
INFO: [Opt 31-138] Pushed 0 inverter(s) to 0 load pin(s).
Netlist sorting complete. Time (s): cpu = 00:00:00 ; elapsed = 00:00:00 . Memory (MB): peak = 1603.324 ; gain = 0.000
INFO: [Project 1-111] Unisim Transformation Summary:
No Unisim elements were transformed.

Synth Design complete | Checksum: bb970db3
INFO: [Common 17-83] Releasing license: Synthesis
25 Infos, 57 Warnings, 0 Critical Warnings and 0 Errors encountered.
synth_design completed successfully
synth_design: Time (s): cpu = 00:00:29 ; elapsed = 00:00:33 . Memory (MB): peak = 1603.324 ; gain = 1056.008
Write ShapeDB Complete: Time (s): cpu = 00:00:00 ; elapsed = 00:00:00.002 . Memory (MB): peak = 1603.324 ; gain = 0.000
INFO: [Common 17-1381] The checkpoint 'C:/FPGA/FromScratch/FromScratch.runs/system_LateralControl_0_0_synth_1/system_LateralControl_0_0.dcp' has been generated.
INFO: [Vivado 12-24828] Executing command : report_utilization -file system_LateralControl_0_0_utilization_synth.rpt -pb system_LateralControl_0_0_utilization_synth.pb
INFO: [Common 17-206] Exiting Vivado at Tue Jul  1 10:37:36 2025...
