
*** Running vivado
    with args -log system_RotationalControl_0_0.vds -m64 -product Vivado -mode batch -messageDb vivado.pb -notrace -source system_RotationalControl_0_0.tcl



****** Vivado v2024.1 (64-bit)
  **** SW Build 5076996 on Wed May 22 18:37:14 MDT 2024
  **** IP Build 5075265 on Wed May 22 21:45:21 MDT 2024
  **** SharedData Build 5076995 on Wed May 22 18:29:18 MDT 2024
  **** Start of session at: Tue Jul  1 14:39:42 2025
    ** Copyright 1986-2022 Xilinx, Inc. All Rights Reserved.
    ** Copyright 2022-2024 Advanced Micro Devices, Inc. All Rights Reserved.

source system_RotationalControl_0_0.tcl -notrace
INFO: [IP_Flow 19-234] Refreshing IP repositories
INFO: [IP_Flow 19-1704] No user IP repositories specified
INFO: [IP_Flow 19-2313] Loaded Vivado IP repository 'C:/Xilinx/Vivado/2024.1/data/ip'.
Command: synth_design -top system_RotationalControl_0_0 -part xc7z010clg400-1 -incremental_mode off -mode out_of_context
Starting synth_design
Attempting to get a license for feature 'Synthesis' and/or device 'xc7z010'
INFO: [Common 17-349] Got license for feature 'Synthesis' and/or device 'xc7z010'
INFO: [Device 21-403] Loading part xc7z010clg400-1
INFO: [Device 21-9227] Part: xc7z010clg400-1 does not have CEAM library.
INFO: [Synth 8-7079] Multithreading enabled for synth_design using a maximum of 2 processes.
INFO: [Synth 8-7078] Launching helper process for spawning children vivado processes
INFO: [Synth 8-7075] Helper process launched with PID 27160
---------------------------------------------------------------------------------
Starting RTL Elaboration : Time (s): cpu = 00:00:03 ; elapsed = 00:00:03 . Memory (MB): peak = 1394.691 ; gain = 447.039
---------------------------------------------------------------------------------
INFO: [Synth 8-6157] synthesizing module 'system_RotationalControl_0_0' [c:/FPGA/FromScratch/FromScratch.gen/sources_1/bd/system/ip/system_RotationalControl_0_0/synth/system_RotationalControl_0_0.v:53]
INFO: [Synth 8-6157] synthesizing module 'RotationalControl' [C:/Users/KevinV/Documents/GitHub/PositronEmissionTomography/Vivado Files/pet_scan/pet_controller/pet_controller.srcs/sources_1/new/rotation_control_logic.v:23]
	Parameter pulse_on bound to: 16'b0001001110001000 
	Parameter pulse_off bound to: 16'b1010111111001000 
	Parameter pulse_invert bound to: 0 - type: integer 
	Parameter reset_timeout bound to: 32'b00000000000000011000011010100000 
INFO: [Synth 8-6155] done synthesizing module 'RotationalControl' (0#1) [C:/Users/KevinV/Documents/GitHub/PositronEmissionTomography/Vivado Files/pet_scan/pet_controller/pet_controller.srcs/sources_1/new/rotation_control_logic.v:23]
INFO: [Synth 8-6155] done synthesizing module 'system_RotationalControl_0_0' (0#1) [c:/FPGA/FromScratch/FromScratch.gen/sources_1/bd/system/ip/system_RotationalControl_0_0/synth/system_RotationalControl_0_0.v:53]
WARNING: [Synth 8-6014] Unused sequential element error_state_reg was removed.  [C:/Users/KevinV/Documents/GitHub/PositronEmissionTomography/Vivado Files/pet_scan/pet_controller/pet_controller.srcs/sources_1/new/rotation_control_logic.v:141]
WARNING: [Synth 8-7129] Port control_signal_in[31] in module RotationalControl is either unconnected or has no load
WARNING: [Synth 8-7129] Port control_signal_in[30] in module RotationalControl is either unconnected or has no load
WARNING: [Synth 8-7129] Port control_signal_in[29] in module RotationalControl is either unconnected or has no load
WARNING: [Synth 8-7129] Port control_signal_in[28] in module RotationalControl is either unconnected or has no load
WARNING: [Synth 8-7129] Port control_signal_in[27] in module RotationalControl is either unconnected or has no load
WARNING: [Synth 8-7129] Port control_signal_in[26] in module RotationalControl is either unconnected or has no load
WARNING: [Synth 8-7129] Port control_signal_in[25] in module RotationalControl is either unconnected or has no load
WARNING: [Synth 8-7129] Port control_signal_in[24] in module RotationalControl is either unconnected or has no load
WARNING: [Synth 8-7129] Port control_signal_in[23] in module RotationalControl is either unconnected or has no load
WARNING: [Synth 8-7129] Port control_signal_in[22] in module RotationalControl is either unconnected or has no load
WARNING: [Synth 8-7129] Port control_signal_in[21] in module RotationalControl is either unconnected or has no load
WARNING: [Synth 8-7129] Port control_signal_in[20] in module RotationalControl is either unconnected or has no load
WARNING: [Synth 8-7129] Port control_signal_in[19] in module RotationalControl is either unconnected or has no load
WARNING: [Synth 8-7129] Port control_signal_in[18] in module RotationalControl is either unconnected or has no load
WARNING: [Synth 8-7129] Port control_signal_in[17] in module RotationalControl is either unconnected or has no load
WARNING: [Synth 8-7129] Port control_signal_in[16] in module RotationalControl is either unconnected or has no load
WARNING: [Synth 8-7129] Port control_signal_in[15] in module RotationalControl is either unconnected or has no load
WARNING: [Synth 8-7129] Port control_signal_in[14] in module RotationalControl is either unconnected or has no load
WARNING: [Synth 8-7129] Port control_signal_in[13] in module RotationalControl is either unconnected or has no load
WARNING: [Synth 8-7129] Port control_signal_in[12] in module RotationalControl is either unconnected or has no load
WARNING: [Synth 8-7129] Port control_signal_in[11] in module RotationalControl is either unconnected or has no load
WARNING: [Synth 8-7129] Port control_signal_in[10] in module RotationalControl is either unconnected or has no load
WARNING: [Synth 8-7129] Port control_signal_in[9] in module RotationalControl is either unconnected or has no load
WARNING: [Synth 8-7129] Port control_signal_in[8] in module RotationalControl is either unconnected or has no load
WARNING: [Synth 8-7129] Port control_signal_in[7] in module RotationalControl is either unconnected or has no load
WARNING: [Synth 8-7129] Port control_signal_in[6] in module RotationalControl is either unconnected or has no load
WARNING: [Synth 8-7129] Port control_signal_in[5] in module RotationalControl is either unconnected or has no load
WARNING: [Synth 8-7129] Port control_signal_in[4] in module RotationalControl is either unconnected or has no load
---------------------------------------------------------------------------------
Finished RTL Elaboration : Time (s): cpu = 00:00:04 ; elapsed = 00:00:04 . Memory (MB): peak = 1509.219 ; gain = 561.566
---------------------------------------------------------------------------------
---------------------------------------------------------------------------------
Start Handling Custom Attributes
---------------------------------------------------------------------------------
---------------------------------------------------------------------------------
Finished Handling Custom Attributes : Time (s): cpu = 00:00:04 ; elapsed = 00:00:04 . Memory (MB): peak = 1509.219 ; gain = 561.566
---------------------------------------------------------------------------------
---------------------------------------------------------------------------------
Finished RTL Optimization Phase 1 : Time (s): cpu = 00:00:04 ; elapsed = 00:00:04 . Memory (MB): peak = 1509.219 ; gain = 561.566
---------------------------------------------------------------------------------
Netlist sorting complete. Time (s): cpu = 00:00:00 ; elapsed = 00:00:00.002 . Memory (MB): peak = 1509.219 ; gain = 0.000
INFO: [Project 1-570] Preparing netlist for logic optimization

Processing XDC Constraints
Initializing timing engine
Completed Processing XDC Constraints

Netlist sorting complete. Time (s): cpu = 00:00:00 ; elapsed = 00:00:00 . Memory (MB): peak = 1610.047 ; gain = 0.000
INFO: [Project 1-111] Unisim Transformation Summary:
No Unisim elements were transformed.

Constraint Validation Runtime : Time (s): cpu = 00:00:00 ; elapsed = 00:00:00.016 . Memory (MB): peak = 1610.340 ; gain = 0.293
INFO: [Designutils 20-5008] Incremental synthesis strategy off
---------------------------------------------------------------------------------
Finished Constraint Validation : Time (s): cpu = 00:00:09 ; elapsed = 00:00:09 . Memory (MB): peak = 1610.340 ; gain = 662.688
---------------------------------------------------------------------------------
---------------------------------------------------------------------------------
Start Loading Part and Timing Information
---------------------------------------------------------------------------------
Loading part: xc7z010clg400-1
---------------------------------------------------------------------------------
Finished Loading Part and Timing Information : Time (s): cpu = 00:00:09 ; elapsed = 00:00:09 . Memory (MB): peak = 1610.340 ; gain = 662.688
---------------------------------------------------------------------------------
---------------------------------------------------------------------------------
Start Applying 'set_property' XDC Constraints
---------------------------------------------------------------------------------
---------------------------------------------------------------------------------
Finished applying 'set_property' XDC Constraints : Time (s): cpu = 00:00:09 ; elapsed = 00:00:09 . Memory (MB): peak = 1610.340 ; gain = 662.688
---------------------------------------------------------------------------------
---------------------------------------------------------------------------------
Finished RTL Optimization Phase 2 : Time (s): cpu = 00:00:09 ; elapsed = 00:00:09 . Memory (MB): peak = 1610.340 ; gain = 662.688
---------------------------------------------------------------------------------
---------------------------------------------------------------------------------
Start RTL Component Statistics 
---------------------------------------------------------------------------------
Detailed RTL Component Info : 
+---Adders : 
	   2 Input   32 Bit       Adders := 1     
	   2 Input   16 Bit       Adders := 1     
+---Registers : 
	               32 Bit    Registers := 2     
	               16 Bit    Registers := 1     
	                4 Bit    Registers := 2     
	                3 Bit    Registers := 1     
	                1 Bit    Registers := 2     
+---Muxes : 
	   2 Input   32 Bit        Muxes := 1     
	   3 Input   32 Bit        Muxes := 1     
	   2 Input   16 Bit        Muxes := 2     
	   3 Input   16 Bit        Muxes := 1     
	   2 Input    4 Bit        Muxes := 4     
	   3 Input    4 Bit        Muxes := 1     
	   2 Input    3 Bit        Muxes := 2     
	   2 Input    2 Bit        Muxes := 4     
	   2 Input    1 Bit        Muxes := 26    
	   3 Input    1 Bit        Muxes := 6     
---------------------------------------------------------------------------------
Finished RTL Component Statistics 
---------------------------------------------------------------------------------
---------------------------------------------------------------------------------
Start Part Resource Summary
---------------------------------------------------------------------------------
Part Resources:
DSPs: 80 (col length:40)
BRAMs: 120 (col length: RAMB18 40 RAMB36 20)
---------------------------------------------------------------------------------
Finished Part Resource Summary
---------------------------------------------------------------------------------
---------------------------------------------------------------------------------
Start Cross Boundary and Area Optimization
---------------------------------------------------------------------------------
WARNING: [Synth 8-7080] Parallel synthesis criteria is not met
WARNING: [Synth 8-7129] Port control_signal_in[31] in module system_RotationalControl_0_0 is either unconnected or has no load
WARNING: [Synth 8-7129] Port control_signal_in[30] in module system_RotationalControl_0_0 is either unconnected or has no load
WARNING: [Synth 8-7129] Port control_signal_in[29] in module system_RotationalControl_0_0 is either unconnected or has no load
WARNING: [Synth 8-7129] Port control_signal_in[28] in module system_RotationalControl_0_0 is either unconnected or has no load
WARNING: [Synth 8-7129] Port control_signal_in[27] in module system_RotationalControl_0_0 is either unconnected or has no load
WARNING: [Synth 8-7129] Port control_signal_in[26] in module system_RotationalControl_0_0 is either unconnected or has no load
WARNING: [Synth 8-7129] Port control_signal_in[25] in module system_RotationalControl_0_0 is either unconnected or has no load
WARNING: [Synth 8-7129] Port control_signal_in[24] in module system_RotationalControl_0_0 is either unconnected or has no load
WARNING: [Synth 8-7129] Port control_signal_in[23] in module system_RotationalControl_0_0 is either unconnected or has no load
WARNING: [Synth 8-7129] Port control_signal_in[22] in module system_RotationalControl_0_0 is either unconnected or has no load
WARNING: [Synth 8-7129] Port control_signal_in[21] in module system_RotationalControl_0_0 is either unconnected or has no load
WARNING: [Synth 8-7129] Port control_signal_in[20] in module system_RotationalControl_0_0 is either unconnected or has no load
WARNING: [Synth 8-7129] Port control_signal_in[19] in module system_RotationalControl_0_0 is either unconnected or has no load
WARNING: [Synth 8-7129] Port control_signal_in[18] in module system_RotationalControl_0_0 is either unconnected or has no load
WARNING: [Synth 8-7129] Port control_signal_in[17] in module system_RotationalControl_0_0 is either unconnected or has no load
WARNING: [Synth 8-7129] Port control_signal_in[16] in module system_RotationalControl_0_0 is either unconnected or has no load
WARNING: [Synth 8-7129] Port control_signal_in[15] in module system_RotationalControl_0_0 is either unconnected or has no load
WARNING: [Synth 8-7129] Port control_signal_in[14] in module system_RotationalControl_0_0 is either unconnected or has no load
WARNING: [Synth 8-7129] Port control_signal_in[13] in module system_RotationalControl_0_0 is either unconnected or has no load
WARNING: [Synth 8-7129] Port control_signal_in[12] in module system_RotationalControl_0_0 is either unconnected or has no load
WARNING: [Synth 8-7129] Port control_signal_in[11] in module system_RotationalControl_0_0 is either unconnected or has no load
WARNING: [Synth 8-7129] Port control_signal_in[10] in module system_RotationalControl_0_0 is either unconnected or has no load
WARNING: [Synth 8-7129] Port control_signal_in[9] in module system_RotationalControl_0_0 is either unconnected or has no load
WARNING: [Synth 8-7129] Port control_signal_in[8] in module system_RotationalControl_0_0 is either unconnected or has no load
WARNING: [Synth 8-7129] Port control_signal_in[7] in module system_RotationalControl_0_0 is either unconnected or has no load
WARNING: [Synth 8-7129] Port control_signal_in[6] in module system_RotationalControl_0_0 is either unconnected or has no load
WARNING: [Synth 8-7129] Port control_signal_in[5] in module system_RotationalControl_0_0 is either unconnected or has no load
WARNING: [Synth 8-7129] Port control_signal_in[4] in module system_RotationalControl_0_0 is either unconnected or has no load
---------------------------------------------------------------------------------
Finished Cross Boundary and Area Optimization : Time (s): cpu = 00:00:10 ; elapsed = 00:00:10 . Memory (MB): peak = 1610.340 ; gain = 662.688
---------------------------------------------------------------------------------
---------------------------------------------------------------------------------
Start Applying XDC Timing Constraints
---------------------------------------------------------------------------------
---------------------------------------------------------------------------------
Finished Applying XDC Timing Constraints : Time (s): cpu = 00:00:14 ; elapsed = 00:00:14 . Memory (MB): peak = 1610.340 ; gain = 662.688
---------------------------------------------------------------------------------
---------------------------------------------------------------------------------
Start Timing Optimization
---------------------------------------------------------------------------------
---------------------------------------------------------------------------------
Finished Timing Optimization : Time (s): cpu = 00:00:14 ; elapsed = 00:00:14 . Memory (MB): peak = 1610.340 ; gain = 662.688
---------------------------------------------------------------------------------
---------------------------------------------------------------------------------
Start Technology Mapping
---------------------------------------------------------------------------------
---------------------------------------------------------------------------------
Finished Technology Mapping : Time (s): cpu = 00:00:14 ; elapsed = 00:00:14 . Memory (MB): peak = 1610.340 ; gain = 662.688
---------------------------------------------------------------------------------
---------------------------------------------------------------------------------
Start IO Insertion
---------------------------------------------------------------------------------
---------------------------------------------------------------------------------
Start Flattening Before IO Insertion
---------------------------------------------------------------------------------
---------------------------------------------------------------------------------
Finished Flattening Before IO Insertion
---------------------------------------------------------------------------------
---------------------------------------------------------------------------------
Start Final Netlist Cleanup
---------------------------------------------------------------------------------
---------------------------------------------------------------------------------
Finished Final Netlist Cleanup
---------------------------------------------------------------------------------
---------------------------------------------------------------------------------
Finished IO Insertion : Time (s): cpu = 00:00:16 ; elapsed = 00:00:17 . Memory (MB): peak = 1610.340 ; gain = 662.688
---------------------------------------------------------------------------------
---------------------------------------------------------------------------------
Start Renaming Generated Instances
---------------------------------------------------------------------------------
---------------------------------------------------------------------------------
Finished Renaming Generated Instances : Time (s): cpu = 00:00:16 ; elapsed = 00:00:17 . Memory (MB): peak = 1610.340 ; gain = 662.688
---------------------------------------------------------------------------------
---------------------------------------------------------------------------------
Start Rebuilding User Hierarchy
---------------------------------------------------------------------------------
---------------------------------------------------------------------------------
Finished Rebuilding User Hierarchy : Time (s): cpu = 00:00:16 ; elapsed = 00:00:17 . Memory (MB): peak = 1610.340 ; gain = 662.688
---------------------------------------------------------------------------------
---------------------------------------------------------------------------------
Start Renaming Generated Ports
---------------------------------------------------------------------------------
---------------------------------------------------------------------------------
Finished Renaming Generated Ports : Time (s): cpu = 00:00:16 ; elapsed = 00:00:17 . Memory (MB): peak = 1610.340 ; gain = 662.688
---------------------------------------------------------------------------------
---------------------------------------------------------------------------------
Start Handling Custom Attributes
---------------------------------------------------------------------------------
---------------------------------------------------------------------------------
Finished Handling Custom Attributes : Time (s): cpu = 00:00:16 ; elapsed = 00:00:17 . Memory (MB): peak = 1610.340 ; gain = 662.688
---------------------------------------------------------------------------------
---------------------------------------------------------------------------------
Start Renaming Generated Nets
---------------------------------------------------------------------------------
---------------------------------------------------------------------------------
Finished Renaming Generated Nets : Time (s): cpu = 00:00:16 ; elapsed = 00:00:17 . Memory (MB): peak = 1610.340 ; gain = 662.688
---------------------------------------------------------------------------------
---------------------------------------------------------------------------------
Start Writing Synthesis Report
---------------------------------------------------------------------------------

Report BlackBoxes: 
+-+--------------+----------+
| |BlackBox name |Instances |
+-+--------------+----------+
+-+--------------+----------+

Report Cell Usage: 
+------+-------+------+
|      |Cell   |Count |
+------+-------+------+
|1     |CARRY4 |    24|
|2     |LUT1   |     1|
|3     |LUT2   |    34|
|4     |LUT3   |     3|
|5     |LUT4   |    40|
|6     |LUT5   |     9|
|7     |LUT6   |    15|
|8     |FDRE   |   122|
+------+-------+------+
---------------------------------------------------------------------------------
Finished Writing Synthesis Report : Time (s): cpu = 00:00:16 ; elapsed = 00:00:17 . Memory (MB): peak = 1610.340 ; gain = 662.688
---------------------------------------------------------------------------------
Synthesis finished with 0 errors, 0 critical warnings and 29 warnings.
Synthesis Optimization Runtime : Time (s): cpu = 00:00:12 ; elapsed = 00:00:16 . Memory (MB): peak = 1610.340 ; gain = 561.566
Synthesis Optimization Complete : Time (s): cpu = 00:00:17 ; elapsed = 00:00:17 . Memory (MB): peak = 1610.340 ; gain = 662.688
INFO: [Project 1-571] Translating synthesized netlist
Netlist sorting complete. Time (s): cpu = 00:00:00 ; elapsed = 00:00:00.002 . Memory (MB): peak = 1610.340 ; gain = 0.000
INFO: [Netlist 29-17] Analyzing 24 Unisim elements for replacement
INFO: [Netlist 29-28] Unisim Transformation completed in 0 CPU seconds
INFO: [Project 1-570] Preparing netlist for logic optimization
INFO: [Opt 31-138] Pushed 0 inverter(s) to 0 load pin(s).
Netlist sorting complete. Time (s): cpu = 00:00:00 ; elapsed = 00:00:00 . Memory (MB): peak = 1610.340 ; gain = 0.000
INFO: [Project 1-111] Unisim Transformation Summary:
No Unisim elements were transformed.

Synth Design complete | Checksum: 1ff0bffc
INFO: [Common 17-83] Releasing license: Synthesis
23 Infos, 58 Warnings, 0 Critical Warnings and 0 Errors encountered.
synth_design completed successfully
synth_design: Time (s): cpu = 00:00:20 ; elapsed = 00:00:21 . Memory (MB): peak = 1610.340 ; gain = 1063.422
Write ShapeDB Complete: Time (s): cpu = 00:00:00 ; elapsed = 00:00:00.001 . Memory (MB): peak = 1610.340 ; gain = 0.000
INFO: [Common 17-1381] The checkpoint 'C:/FPGA/FromScratch/FromScratch.runs/system_RotationalControl_0_0_synth_1/system_RotationalControl_0_0.dcp' has been generated.
INFO: [Vivado 12-24828] Executing command : report_utilization -file system_RotationalControl_0_0_utilization_synth.rpt -pb system_RotationalControl_0_0_utilization_synth.pb
INFO: [Common 17-206] Exiting Vivado at Tue Jul  1 14:40:10 2025...
