
*** Running vivado
    with args -log system_msb_select_0_0.vds -m64 -product Vivado -mode batch -messageDb vivado.pb -notrace -source system_msb_select_0_0.tcl



****** Vivado v2024.1 (64-bit)
  **** SW Build 5076996 on Wed May 22 18:37:14 MDT 2024
  **** IP Build 5075265 on Wed May 22 21:45:21 MDT 2024
  **** SharedData Build 5076995 on Wed May 22 18:29:18 MDT 2024
  **** Start of session at: Wed Jun 25 16:32:48 2025
    ** Copyright 1986-2022 Xilinx, Inc. All Rights Reserved.
    ** Copyright 2022-2024 Advanced Micro Devices, Inc. All Rights Reserved.

source system_msb_select_0_0.tcl -notrace
create_project: Time (s): cpu = 00:00:06 ; elapsed = 00:00:06 . Memory (MB): peak = 531.016 ; gain = 201.852
INFO: [IP_Flow 19-234] Refreshing IP repositories
INFO: [IP_Flow 19-1704] No user IP repositories specified
INFO: [IP_Flow 19-2313] Loaded Vivado IP repository 'C:/Xilinx/Vivado/2024.1/data/ip'.
Command: synth_design -top system_msb_select_0_0 -part xc7z010clg400-1 -incremental_mode off -mode out_of_context
Starting synth_design
Attempting to get a license for feature 'Synthesis' and/or device 'xc7z010'
INFO: [Common 17-349] Got license for feature 'Synthesis' and/or device 'xc7z010'
INFO: [Device 21-403] Loading part xc7z010clg400-1
INFO: [Device 21-9227] Part: xc7z010clg400-1 does not have CEAM library.
INFO: [Synth 8-7079] Multithreading enabled for synth_design using a maximum of 2 processes.
INFO: [Synth 8-7078] Launching helper process for spawning children vivado processes
WARNING: [Common 17-1361] You have specified a new message control rule that is equivalent to an existing rule with attributes ' -id {17-179}  -suppress '. The existing rule will be replaced.
INFO: [Synth 8-7075] Helper process launched with PID 10192
---------------------------------------------------------------------------------
Starting RTL Elaboration : Time (s): cpu = 00:00:05 ; elapsed = 00:00:06 . Memory (MB): peak = 1394.801 ; gain = 446.609
---------------------------------------------------------------------------------
INFO: [Synth 8-6157] synthesizing module 'system_msb_select_0_0' [c:/FPGA/FromScratch/FromScratch.gen/sources_1/bd/system/ip/system_msb_select_0_0/synth/system_msb_select_0_0.v:53]
INFO: [Synth 8-6157] synthesizing module 'msb_select' [C:/FPGA/FromScratch/FromScratch.srcs/sources_1/new/msb_select.v:23]
INFO: [Synth 8-6155] done synthesizing module 'msb_select' (0#1) [C:/FPGA/FromScratch/FromScratch.srcs/sources_1/new/msb_select.v:23]
INFO: [Synth 8-6155] done synthesizing module 'system_msb_select_0_0' (0#1) [c:/FPGA/FromScratch/FromScratch.gen/sources_1/bd/system/ip/system_msb_select_0_0/synth/system_msb_select_0_0.v:53]
WARNING: [Synth 8-7129] Port counter[26] in module msb_select is either unconnected or has no load
WARNING: [Synth 8-7129] Port counter[25] in module msb_select is either unconnected or has no load
WARNING: [Synth 8-7129] Port counter[24] in module msb_select is either unconnected or has no load
WARNING: [Synth 8-7129] Port counter[23] in module msb_select is either unconnected or has no load
WARNING: [Synth 8-7129] Port counter[22] in module msb_select is either unconnected or has no load
WARNING: [Synth 8-7129] Port counter[21] in module msb_select is either unconnected or has no load
WARNING: [Synth 8-7129] Port counter[20] in module msb_select is either unconnected or has no load
WARNING: [Synth 8-7129] Port counter[19] in module msb_select is either unconnected or has no load
WARNING: [Synth 8-7129] Port counter[18] in module msb_select is either unconnected or has no load
WARNING: [Synth 8-7129] Port counter[17] in module msb_select is either unconnected or has no load
WARNING: [Synth 8-7129] Port counter[16] in module msb_select is either unconnected or has no load
WARNING: [Synth 8-7129] Port counter[15] in module msb_select is either unconnected or has no load
WARNING: [Synth 8-7129] Port counter[14] in module msb_select is either unconnected or has no load
WARNING: [Synth 8-7129] Port counter[13] in module msb_select is either unconnected or has no load
WARNING: [Synth 8-7129] Port counter[12] in module msb_select is either unconnected or has no load
WARNING: [Synth 8-7129] Port counter[11] in module msb_select is either unconnected or has no load
WARNING: [Synth 8-7129] Port counter[10] in module msb_select is either unconnected or has no load
WARNING: [Synth 8-7129] Port counter[9] in module msb_select is either unconnected or has no load
WARNING: [Synth 8-7129] Port counter[8] in module msb_select is either unconnected or has no load
WARNING: [Synth 8-7129] Port counter[7] in module msb_select is either unconnected or has no load
WARNING: [Synth 8-7129] Port counter[6] in module msb_select is either unconnected or has no load
WARNING: [Synth 8-7129] Port counter[5] in module msb_select is either unconnected or has no load
WARNING: [Synth 8-7129] Port counter[4] in module msb_select is either unconnected or has no load
WARNING: [Synth 8-7129] Port counter[3] in module msb_select is either unconnected or has no load
WARNING: [Synth 8-7129] Port counter[2] in module msb_select is either unconnected or has no load
WARNING: [Synth 8-7129] Port counter[1] in module msb_select is either unconnected or has no load
WARNING: [Synth 8-7129] Port counter[0] in module msb_select is either unconnected or has no load
---------------------------------------------------------------------------------
Finished RTL Elaboration : Time (s): cpu = 00:00:07 ; elapsed = 00:00:07 . Memory (MB): peak = 1508.238 ; gain = 560.047
---------------------------------------------------------------------------------
---------------------------------------------------------------------------------
Start Handling Custom Attributes
---------------------------------------------------------------------------------
---------------------------------------------------------------------------------
Finished Handling Custom Attributes : Time (s): cpu = 00:00:07 ; elapsed = 00:00:08 . Memory (MB): peak = 1508.238 ; gain = 560.047
---------------------------------------------------------------------------------
---------------------------------------------------------------------------------
Finished RTL Optimization Phase 1 : Time (s): cpu = 00:00:07 ; elapsed = 00:00:08 . Memory (MB): peak = 1508.238 ; gain = 560.047
---------------------------------------------------------------------------------
Netlist sorting complete. Time (s): cpu = 00:00:00 ; elapsed = 00:00:00 . Memory (MB): peak = 1508.238 ; gain = 0.000
INFO: [Project 1-570] Preparing netlist for logic optimization

Processing XDC Constraints
Initializing timing engine
Completed Processing XDC Constraints

Netlist sorting complete. Time (s): cpu = 00:00:00 ; elapsed = 00:00:00 . Memory (MB): peak = 1523.270 ; gain = 0.000
INFO: [Project 1-111] Unisim Transformation Summary:
No Unisim elements were transformed.

Constraint Validation Runtime : Time (s): cpu = 00:00:00 ; elapsed = 00:00:00.013 . Memory (MB): peak = 1523.555 ; gain = 0.285
INFO: [Designutils 20-5008] Incremental synthesis strategy off
---------------------------------------------------------------------------------
Finished Constraint Validation : Time (s): cpu = 00:00:13 ; elapsed = 00:00:14 . Memory (MB): peak = 1523.555 ; gain = 575.363
---------------------------------------------------------------------------------
---------------------------------------------------------------------------------
Start Loading Part and Timing Information
---------------------------------------------------------------------------------
Loading part: xc7z010clg400-1
---------------------------------------------------------------------------------
Finished Loading Part and Timing Information : Time (s): cpu = 00:00:13 ; elapsed = 00:00:14 . Memory (MB): peak = 1523.555 ; gain = 575.363
---------------------------------------------------------------------------------
---------------------------------------------------------------------------------
Start Applying 'set_property' XDC Constraints
---------------------------------------------------------------------------------
---------------------------------------------------------------------------------
Finished applying 'set_property' XDC Constraints : Time (s): cpu = 00:00:13 ; elapsed = 00:00:14 . Memory (MB): peak = 1523.555 ; gain = 575.363
---------------------------------------------------------------------------------
---------------------------------------------------------------------------------
Finished RTL Optimization Phase 2 : Time (s): cpu = 00:00:14 ; elapsed = 00:00:14 . Memory (MB): peak = 1523.555 ; gain = 575.363
---------------------------------------------------------------------------------
---------------------------------------------------------------------------------
Start RTL Component Statistics 
---------------------------------------------------------------------------------
Detailed RTL Component Info : 
---------------------------------------------------------------------------------
Finished RTL Component Statistics 
---------------------------------------------------------------------------------
---------------------------------------------------------------------------------
Start Part Resource Summary
---------------------------------------------------------------------------------
Part Resources:
DSPs: 80 (col length:40)
BRAMs: 120 (col length: RAMB18 40 RAMB36 20)
---------------------------------------------------------------------------------
Finished Part Resource Summary
---------------------------------------------------------------------------------
---------------------------------------------------------------------------------
Start Cross Boundary and Area Optimization
---------------------------------------------------------------------------------
WARNING: [Synth 8-7080] Parallel synthesis criteria is not met
WARNING: [Synth 8-3330] design system_msb_select_0_0 has an empty top module
WARNING: [Synth 8-7129] Port counter[26] in module system_msb_select_0_0 is either unconnected or has no load
WARNING: [Synth 8-7129] Port counter[25] in module system_msb_select_0_0 is either unconnected or has no load
WARNING: [Synth 8-7129] Port counter[24] in module system_msb_select_0_0 is either unconnected or has no load
WARNING: [Synth 8-7129] Port counter[23] in module system_msb_select_0_0 is either unconnected or has no load
WARNING: [Synth 8-7129] Port counter[22] in module system_msb_select_0_0 is either unconnected or has no load
WARNING: [Synth 8-7129] Port counter[21] in module system_msb_select_0_0 is either unconnected or has no load
WARNING: [Synth 8-7129] Port counter[20] in module system_msb_select_0_0 is either unconnected or has no load
WARNING: [Synth 8-7129] Port counter[19] in module system_msb_select_0_0 is either unconnected or has no load
WARNING: [Synth 8-7129] Port counter[18] in module system_msb_select_0_0 is either unconnected or has no load
WARNING: [Synth 8-7129] Port counter[17] in module system_msb_select_0_0 is either unconnected or has no load
WARNING: [Synth 8-7129] Port counter[16] in module system_msb_select_0_0 is either unconnected or has no load
WARNING: [Synth 8-7129] Port counter[15] in module system_msb_select_0_0 is either unconnected or has no load
WARNING: [Synth 8-7129] Port counter[14] in module system_msb_select_0_0 is either unconnected or has no load
WARNING: [Synth 8-7129] Port counter[13] in module system_msb_select_0_0 is either unconnected or has no load
WARNING: [Synth 8-7129] Port counter[12] in module system_msb_select_0_0 is either unconnected or has no load
WARNING: [Synth 8-7129] Port counter[11] in module system_msb_select_0_0 is either unconnected or has no load
WARNING: [Synth 8-7129] Port counter[10] in module system_msb_select_0_0 is either unconnected or has no load
WARNING: [Synth 8-7129] Port counter[9] in module system_msb_select_0_0 is either unconnected or has no load
WARNING: [Synth 8-7129] Port counter[8] in module system_msb_select_0_0 is either unconnected or has no load
WARNING: [Synth 8-7129] Port counter[7] in module system_msb_select_0_0 is either unconnected or has no load
WARNING: [Synth 8-7129] Port counter[6] in module system_msb_select_0_0 is either unconnected or has no load
WARNING: [Synth 8-7129] Port counter[5] in module system_msb_select_0_0 is either unconnected or has no load
WARNING: [Synth 8-7129] Port counter[4] in module system_msb_select_0_0 is either unconnected or has no load
WARNING: [Synth 8-7129] Port counter[3] in module system_msb_select_0_0 is either unconnected or has no load
WARNING: [Synth 8-7129] Port counter[2] in module system_msb_select_0_0 is either unconnected or has no load
WARNING: [Synth 8-7129] Port counter[1] in module system_msb_select_0_0 is either unconnected or has no load
WARNING: [Synth 8-7129] Port counter[0] in module system_msb_select_0_0 is either unconnected or has no load
---------------------------------------------------------------------------------
Finished Cross Boundary and Area Optimization : Time (s): cpu = 00:00:15 ; elapsed = 00:00:16 . Memory (MB): peak = 1523.555 ; gain = 575.363
---------------------------------------------------------------------------------
---------------------------------------------------------------------------------
Start Applying XDC Timing Constraints
---------------------------------------------------------------------------------
---------------------------------------------------------------------------------
Finished Applying XDC Timing Constraints : Time (s): cpu = 00:00:21 ; elapsed = 00:00:22 . Memory (MB): peak = 1523.555 ; gain = 575.363
---------------------------------------------------------------------------------
---------------------------------------------------------------------------------
Start Timing Optimization
---------------------------------------------------------------------------------
---------------------------------------------------------------------------------
Finished Timing Optimization : Time (s): cpu = 00:00:21 ; elapsed = 00:00:22 . Memory (MB): peak = 1523.555 ; gain = 575.363
---------------------------------------------------------------------------------
---------------------------------------------------------------------------------
Start Technology Mapping
---------------------------------------------------------------------------------
---------------------------------------------------------------------------------
Finished Technology Mapping : Time (s): cpu = 00:00:21 ; elapsed = 00:00:22 . Memory (MB): peak = 1523.555 ; gain = 575.363
---------------------------------------------------------------------------------
---------------------------------------------------------------------------------
Start IO Insertion
---------------------------------------------------------------------------------
---------------------------------------------------------------------------------
Start Flattening Before IO Insertion
---------------------------------------------------------------------------------
---------------------------------------------------------------------------------
Finished Flattening Before IO Insertion
---------------------------------------------------------------------------------
---------------------------------------------------------------------------------
Start Final Netlist Cleanup
---------------------------------------------------------------------------------
---------------------------------------------------------------------------------
Finished Final Netlist Cleanup
---------------------------------------------------------------------------------
---------------------------------------------------------------------------------
Finished IO Insertion : Time (s): cpu = 00:00:25 ; elapsed = 00:00:26 . Memory (MB): peak = 1523.555 ; gain = 575.363
---------------------------------------------------------------------------------
---------------------------------------------------------------------------------
Start Renaming Generated Instances
---------------------------------------------------------------------------------
---------------------------------------------------------------------------------
Finished Renaming Generated Instances : Time (s): cpu = 00:00:25 ; elapsed = 00:00:26 . Memory (MB): peak = 1523.555 ; gain = 575.363
---------------------------------------------------------------------------------
---------------------------------------------------------------------------------
Start Rebuilding User Hierarchy
---------------------------------------------------------------------------------
---------------------------------------------------------------------------------
Finished Rebuilding User Hierarchy : Time (s): cpu = 00:00:25 ; elapsed = 00:00:26 . Memory (MB): peak = 1523.555 ; gain = 575.363
---------------------------------------------------------------------------------
---------------------------------------------------------------------------------
Start Renaming Generated Ports
---------------------------------------------------------------------------------
---------------------------------------------------------------------------------
Finished Renaming Generated Ports : Time (s): cpu = 00:00:25 ; elapsed = 00:00:26 . Memory (MB): peak = 1523.555 ; gain = 575.363
---------------------------------------------------------------------------------
---------------------------------------------------------------------------------
Start Handling Custom Attributes
---------------------------------------------------------------------------------
---------------------------------------------------------------------------------
Finished Handling Custom Attributes : Time (s): cpu = 00:00:25 ; elapsed = 00:00:26 . Memory (MB): peak = 1523.555 ; gain = 575.363
---------------------------------------------------------------------------------
---------------------------------------------------------------------------------
Start Renaming Generated Nets
---------------------------------------------------------------------------------
---------------------------------------------------------------------------------
Finished Renaming Generated Nets : Time (s): cpu = 00:00:25 ; elapsed = 00:00:26 . Memory (MB): peak = 1523.555 ; gain = 575.363
---------------------------------------------------------------------------------
---------------------------------------------------------------------------------
Start Writing Synthesis Report
---------------------------------------------------------------------------------

Report BlackBoxes: 
+-+--------------+----------+
| |BlackBox name |Instances |
+-+--------------+----------+
+-+--------------+----------+

Report Cell Usage: 
+-+-----+------+
| |Cell |Count |
+-+-----+------+
+-+-----+------+
---------------------------------------------------------------------------------
Finished Writing Synthesis Report : Time (s): cpu = 00:00:25 ; elapsed = 00:00:26 . Memory (MB): peak = 1523.555 ; gain = 575.363
---------------------------------------------------------------------------------
Synthesis finished with 0 errors, 0 critical warnings and 29 warnings.
Synthesis Optimization Runtime : Time (s): cpu = 00:00:17 ; elapsed = 00:00:24 . Memory (MB): peak = 1523.555 ; gain = 560.047
Synthesis Optimization Complete : Time (s): cpu = 00:00:25 ; elapsed = 00:00:26 . Memory (MB): peak = 1523.555 ; gain = 575.363
INFO: [Project 1-571] Translating synthesized netlist
Netlist sorting complete. Time (s): cpu = 00:00:00 ; elapsed = 00:00:00 . Memory (MB): peak = 1523.555 ; gain = 0.000
INFO: [Project 1-570] Preparing netlist for logic optimization
INFO: [Opt 31-138] Pushed 0 inverter(s) to 0 load pin(s).
Netlist sorting complete. Time (s): cpu = 00:00:00 ; elapsed = 00:00:00 . Memory (MB): peak = 1523.555 ; gain = 0.000
INFO: [Project 1-111] Unisim Transformation Summary:
No Unisim elements were transformed.

Synth Design complete | Checksum: 924240b
INFO: [Common 17-83] Releasing license: Synthesis
21 Infos, 57 Warnings, 0 Critical Warnings and 0 Errors encountered.
synth_design completed successfully
synth_design: Time (s): cpu = 00:00:29 ; elapsed = 00:00:32 . Memory (MB): peak = 1523.555 ; gain = 979.027
INFO: [Common 17-1381] The checkpoint 'C:/FPGA/FromScratch/FromScratch.runs/system_msb_select_0_0_synth_1/system_msb_select_0_0.dcp' has been generated.
INFO: [Vivado 12-24828] Executing command : report_utilization -file system_msb_select_0_0_utilization_synth.rpt -pb system_msb_select_0_0_utilization_synth.pb
INFO: [Common 17-206] Exiting Vivado at Wed Jun 25 16:33:30 2025...
